Warning: Requested index-state 2023-09-02T00:00:00Z is newer than
'hackage.haskell.org'! Falling back to older state (2023-09-01T02:48:20Z).
Warning: Requested index-state 2023-09-02T00:00:00Z is newer than
'cardano-haskell-packages'! Falling back to older state
(2023-09-01T08:47:12Z).
Resolving dependencies...
Build profile: -w ghc-9.2.8 -O1
In order, the following will be built (use -v for more details):
 - strict-sop-core-0.1.0.0 (lib) (configuration changed)
 - sop-extras-0.1.0.0 (lib) (configuration changed)
 - ouroboros-consensus-0.10.0.1 (lib) (configuration changed)
 - ouroboros-consensus-protocol-0.5.0.6 (lib) (configuration changed)
 - ouroboros-consensus-diffusion-0.7.1.1 (lib) (configuration changed)
 - ouroboros-consensus-cardano-0.8.0.1 (lib:unstable-byronspec) (configuration changed)
 - ouroboros-consensus-0.10.0.1 (lib:unstable-mock-block) (configuration changed)
 - ouroboros-consensus-0.10.0.1 (lib:unstable-mempool-test-utils) (configuration changed)
 - ouroboros-consensus-0.10.0.1 (lib:unstable-consensus-testlib) (configuration changed)
 - ouroboros-consensus-protocol-0.5.0.6 (lib:unstable-protocol-testlib) (configuration changed)
 - ouroboros-consensus-cardano-0.8.0.1 (lib) (configuration changed)
 - ouroboros-consensus-diffusion-0.7.1.1 (lib:unstable-diffusion-testlib) (configuration changed)
 - ouroboros-consensus-0.10.0.1 (test:storage-test) (configuration changed)
 - ouroboros-consensus-0.10.0.1 (test:infra-test) (configuration changed)
 - ouroboros-consensus-0.10.0.1 (test:consensus-test) (configuration changed)
 - ouroboros-consensus-cardano-0.8.0.1 (lib:unstable-cardano-tools) (configuration changed)
 - ouroboros-consensus-diffusion-0.7.1.1 (lib:unstable-mock-testlib) (configuration changed)
 - ouroboros-consensus-diffusion-0.7.1.1 (test:infra-test) (configuration changed)
 - ouroboros-consensus-diffusion-0.7.1.1 (test:consensus-test) (configuration changed)
 - ouroboros-consensus-cardano-0.8.0.1 (lib:unstable-shelley-testlib) (configuration changed)
 - ouroboros-consensus-cardano-0.8.0.1 (lib:unstable-byron-testlib) (configuration changed)
 - ouroboros-consensus-cardano-0.8.0.1 (test:tools-test) (configuration changed)
 - ouroboros-consensus-diffusion-0.7.1.1 (test:mock-test) (configuration changed)
 - ouroboros-consensus-cardano-0.8.0.1 (test:shelley-test) (configuration changed)
 - ouroboros-consensus-cardano-0.8.0.1 (lib:unstable-cardano-testlib) (configuration changed)
 - ouroboros-consensus-cardano-0.8.0.1 (test:byron-test) (configuration changed)
 - ouroboros-consensus-cardano-0.8.0.1 (test:cardano-test) (configuration changed)
Configuring library for strict-sop-core-0.1.0.0..
Preprocessing library for strict-sop-core-0.1.0.0..
Building library for strict-sop-core-0.1.0.0..
Configuring library for sop-extras-0.1.0.0..
Preprocessing library for sop-extras-0.1.0.0..
Building library for sop-extras-0.1.0.0..
Configuring library for ouroboros-consensus-0.10.0.1..
Preprocessing library for ouroboros-consensus-0.10.0.1..
Building library for ouroboros-consensus-0.10.0.1..
Configuring library for ouroboros-consensus-protocol-0.5.0.6..
Configuring library for ouroboros-consensus-diffusion-0.7.1.1..
Configuring library 'unstable-mempool-test-utils' for ouroboros-consensus-0.10.0.1..
Configuring library 'unstable-byronspec' for ouroboros-consensus-cardano-0.8.0.1..
Configuring library 'unstable-consensus-testlib' for ouroboros-consensus-0.10.0.1..
Configuring library 'unstable-mock-block' for ouroboros-consensus-0.10.0.1..
Preprocessing library 'unstable-consensus-testlib' for ouroboros-consensus-0.10.0.1..
Building library 'unstable-consensus-testlib' for ouroboros-consensus-0.10.0.1..
Preprocessing library for ouroboros-consensus-protocol-0.5.0.6..
Building library for ouroboros-consensus-protocol-0.5.0.6..
Preprocessing library 'unstable-byronspec' for ouroboros-consensus-cardano-0.8.0.1..
Building library 'unstable-byronspec' for ouroboros-consensus-cardano-0.8.0.1..
Preprocessing library 'unstable-mock-block' for ouroboros-consensus-0.10.0.1..
Preprocessing library for ouroboros-consensus-diffusion-0.7.1.1..
Building library 'unstable-mock-block' for ouroboros-consensus-0.10.0.1..
Building library for ouroboros-consensus-diffusion-0.7.1.1..
Preprocessing library 'unstable-mempool-test-utils' for ouroboros-consensus-0.10.0.1..
Building library 'unstable-mempool-test-utils' for ouroboros-consensus-0.10.0.1..
Configuring test suite 'storage-test' for ouroboros-consensus-0.10.0.1..
Configuring test suite 'infra-test' for ouroboros-consensus-0.10.0.1..
Configuring library 'unstable-protocol-testlib' for ouroboros-consensus-protocol-0.5.0.6..
Configuring library for ouroboros-consensus-cardano-0.8.0.1..
Configuring test suite 'consensus-test' for ouroboros-consensus-0.10.0.1..
Configuring library 'unstable-diffusion-testlib' for ouroboros-consensus-diffusion-0.7.1.1..
Preprocessing library for ouroboros-consensus-cardano-0.8.0.1..
Building library for ouroboros-consensus-cardano-0.8.0.1..
Preprocessing test suite 'storage-test' for ouroboros-consensus-0.10.0.1..
Building test suite 'storage-test' for ouroboros-consensus-0.10.0.1..
Preprocessing test suite 'infra-test' for ouroboros-consensus-0.10.0.1..
Building test suite 'infra-test' for ouroboros-consensus-0.10.0.1..
Preprocessing library 'unstable-protocol-testlib' for ouroboros-consensus-protocol-0.5.0.6..
Building library 'unstable-protocol-testlib' for ouroboros-consensus-protocol-0.5.0.6..
Preprocessing test suite 'consensus-test' for ouroboros-consensus-0.10.0.1..
Building test suite 'consensus-test' for ouroboros-consensus-0.10.0.1..
Preprocessing library 'unstable-diffusion-testlib' for ouroboros-consensus-diffusion-0.7.1.1..
Building library 'unstable-diffusion-testlib' for ouroboros-consensus-diffusion-0.7.1.1..
Running 1 test suites...
Test suite infra-test: RUNNING...
Test suite infra-test: PASS
Test suite logged to:
/home/joris/repos/cardano-haskell/ouroboros-consensus/dist-newstyle/build/x86_64-linux/ghc-9.2.8/ouroboros-consensus-0.10.0.1/t/infra-test/test/ouroboros-consensus-0.10.0.1-infra-test.log
1 of 1 test suites (1 of 1 test cases) passed.
Running 1 test suites...
Test suite storage-test: RUNNING...
Configuring library 'unstable-cardano-tools' for ouroboros-consensus-cardano-0.8.0.1..
Running 1 test suites...
Test suite consensus-test: RUNNING...
Configuring library 'unstable-mock-testlib' for ouroboros-consensus-diffusion-0.7.1.1..
Configuring test suite 'consensus-test' for ouroboros-consensus-diffusion-0.7.1.1..
Configuring test suite 'infra-test' for ouroboros-consensus-diffusion-0.7.1.1..
Configuring library 'unstable-shelley-testlib' for ouroboros-consensus-cardano-0.8.0.1..
Configuring library 'unstable-byron-testlib' for ouroboros-consensus-cardano-0.8.0.1..
Preprocessing library 'unstable-cardano-tools' for ouroboros-consensus-cardano-0.8.0.1..
Building library 'unstable-cardano-tools' for ouroboros-consensus-cardano-0.8.0.1..
Preprocessing library 'unstable-shelley-testlib' for ouroboros-consensus-cardano-0.8.0.1..
Preprocessing library 'unstable-byron-testlib' for ouroboros-consensus-cardano-0.8.0.1..
Building library 'unstable-shelley-testlib' for ouroboros-consensus-cardano-0.8.0.1..
Building library 'unstable-byron-testlib' for ouroboros-consensus-cardano-0.8.0.1..
Preprocessing test suite 'infra-test' for ouroboros-consensus-diffusion-0.7.1.1..
Building test suite 'infra-test' for ouroboros-consensus-diffusion-0.7.1.1..
Preprocessing test suite 'consensus-test' for ouroboros-consensus-diffusion-0.7.1.1..
Building test suite 'consensus-test' for ouroboros-consensus-diffusion-0.7.1.1..
Preprocessing library 'unstable-mock-testlib' for ouroboros-consensus-diffusion-0.7.1.1..
Building library 'unstable-mock-testlib' for ouroboros-consensus-diffusion-0.7.1.1..
Running 1 test suites...
Test suite infra-test: RUNNING...
Test suite infra-test: PASS
Test suite logged to:
/home/joris/repos/cardano-haskell/ouroboros-consensus/dist-newstyle/build/x86_64-linux/ghc-9.2.8/ouroboros-consensus-diffusion-0.7.1.1/t/infra-test/test/ouroboros-consensus-diffusion-0.7.1.1-infra-test.log
1 of 1 test suites (1 of 1 test cases) passed.
Configuring test suite 'tools-test' for ouroboros-consensus-cardano-0.8.0.1..
Running 1 test suites...
Test suite consensus-test: RUNNING...
Configuring test suite 'mock-test' for ouroboros-consensus-diffusion-0.7.1.1..
Configuring test suite 'byron-test' for ouroboros-consensus-cardano-0.8.0.1..
Configuring library 'unstable-cardano-testlib' for ouroboros-consensus-cardano-0.8.0.1..
Configuring test suite 'shelley-test' for ouroboros-consensus-cardano-0.8.0.1..
Preprocessing test suite 'tools-test' for ouroboros-consensus-cardano-0.8.0.1..
Building test suite 'tools-test' for ouroboros-consensus-cardano-0.8.0.1..
Preprocessing test suite 'mock-test' for ouroboros-consensus-diffusion-0.7.1.1..
Building test suite 'mock-test' for ouroboros-consensus-diffusion-0.7.1.1..
Preprocessing test suite 'byron-test' for ouroboros-consensus-cardano-0.8.0.1..
Building test suite 'byron-test' for ouroboros-consensus-cardano-0.8.0.1..
Running 1 test suites...
Test suite tools-test: RUNNING...
Preprocessing test suite 'shelley-test' for ouroboros-consensus-cardano-0.8.0.1..
Building test suite 'shelley-test' for ouroboros-consensus-cardano-0.8.0.1..
Preprocessing library 'unstable-cardano-testlib' for ouroboros-consensus-cardano-0.8.0.1..
Building library 'unstable-cardano-testlib' for ouroboros-consensus-cardano-0.8.0.1..
Running 1 test suites...
Test suite mock-test: RUNNING...
Running 1 test suites...
Test suite byron-test: RUNNING...
Running 1 test suites...
Test suite shelley-test: RUNNING...
Test suite consensus-test: PASS
Test suite logged to:
/home/joris/repos/cardano-haskell/ouroboros-consensus/dist-newstyle/build/x86_64-linux/ghc-9.2.8/ouroboros-consensus-diffusion-0.7.1.1/t/consensus-test/test/ouroboros-consensus-diffusion-0.7.1.1-consensus-test.log
1 of 1 test suites (1 of 1 test cases) passed.
Configuring test suite 'cardano-test' for ouroboros-consensus-cardano-0.8.0.1..
Preprocessing test suite 'cardano-test' for ouroboros-consensus-cardano-0.8.0.1..
Building test suite 'cardano-test' for ouroboros-consensus-cardano-0.8.0.1..
Running 1 test suites...
Test suite cardano-test: RUNNING...
Test suite consensus-test: PASS
Test suite logged to:
/home/joris/repos/cardano-haskell/ouroboros-consensus/dist-newstyle/build/x86_64-linux/ghc-9.2.8/ouroboros-consensus-0.10.0.1/t/consensus-test/test/ouroboros-consensus-0.10.0.1-consensus-test.log
1 of 1 test suites (1 of 1 test cases) passed.
Test suite storage-test: PASS
Test suite logged to:
/home/joris/repos/cardano-haskell/ouroboros-consensus/dist-newstyle/build/x86_64-linux/ghc-9.2.8/ouroboros-consensus-0.10.0.1/t/storage-test/test/ouroboros-consensus-0.10.0.1-storage-test.log
1 of 1 test suites (1 of 1 test cases) passed.
Test suite mock-test: PASS
Test suite logged to:
/home/joris/repos/cardano-haskell/ouroboros-consensus/dist-newstyle/build/x86_64-linux/ghc-9.2.8/ouroboros-consensus-diffusion-0.7.1.1/t/mock-test/test/ouroboros-consensus-diffusion-0.7.1.1-mock-test.log
1 of 1 test suites (1 of 1 test cases) passed.
Test suite shelley-test: PASS
Test suite logged to:
/home/joris/repos/cardano-haskell/ouroboros-consensus/dist-newstyle/build/x86_64-linux/ghc-9.2.8/ouroboros-consensus-cardano-0.8.0.1/t/shelley-test/test/ouroboros-consensus-cardano-0.8.0.1-shelley-test.log
1 of 1 test suites (1 of 1 test cases) passed.
Test suite byron-test: PASS
Test suite logged to:
/home/joris/repos/cardano-haskell/ouroboros-consensus/dist-newstyle/build/x86_64-linux/ghc-9.2.8/ouroboros-consensus-cardano-0.8.0.1/t/byron-test/test/ouroboros-consensus-cardano-0.8.0.1-byron-test.log
1 of 1 test suites (1 of 1 test cases) passed.
Test suite tools-test: PASS
Test suite logged to:
/home/joris/repos/cardano-haskell/ouroboros-consensus/dist-newstyle/build/x86_64-linux/ghc-9.2.8/ouroboros-consensus-cardano-0.8.0.1/t/tools-test/test/ouroboros-consensus-cardano-0.8.0.1-tools-test.log
1 of 1 test suites (1 of 1 test cases) passed.
Test suite cardano-test: PASS
Test suite logged to:
/home/joris/repos/cardano-haskell/ouroboros-consensus/dist-newstyle/build/x86_64-linux/ghc-9.2.8/ouroboros-consensus-cardano-0.8.0.1/t/cardano-test/test/ouroboros-consensus-cardano-0.8.0.1-cardano-test.log
1 of 1 test suites (1 of 1 test cases) passed.
